2025-09-10 05:41:04 - root - INFO - Optimized logging configured: /home/runner/work/machinelearning/machinelearning/logs/optimized_learning.log (max 10MB, 5 backups)
2025-09-10 05:41:04 - learner - INFO - SelfLearningAgent initialized successfully with resource optimization
2025-09-10 05:41:04 - learner - INFO - Stored knowledge: math_-4735740681225618442
2025-09-10 05:41:04 - learner - INFO - Stored knowledge: math_-7224440261106600614
2025-09-10 05:41:04 - learner - INFO - Stored knowledge: math_-8323648782328107197
2025-09-10 05:41:04 - learner - INFO - Stored knowledge: math_-7172218561553817814
2025-09-10 05:41:04 - learner - INFO - Stored knowledge: general_2025-09-10T05:41:04.012771
2025-09-10 05:41:04 - learner - INFO - Stored knowledge: general_2025-09-10T05:41:04.013493
2025-09-10 05:41:04 - learner - INFO - Stored knowledge: general_2025-09-10T05:41:04.013668
2025-09-10 05:41:04 - learner - INFO - SelfLearningAgent initialized successfully with resource optimization
2025-09-10 05:41:04 - learner - INFO - Stored knowledge: general_2025-09-10T05:41:04.014350
2025-09-10 05:41:04 - learner - INFO - Stored knowledge: math_7901868765540988095
2025-09-10 05:41:04 - learner - INFO - Stored knowledge: general_2025-09-10T05:41:04.014616
2025-09-10 05:41:04 - learner - INFO - Stored knowledge: math_938325500411286010
2025-09-10 05:41:04 - learner - INFO - Stored knowledge: general_2025-09-10T05:41:04.014907
2025-09-10 05:41:04 - learner - INFO - Stored knowledge: math_-4735740681225618442
2025-09-10 05:41:04 - learner - INFO - Stored knowledge: general_2025-09-10T05:41:04.015159
2025-09-10 05:41:04 - learner - INFO - Stored knowledge: math_-3256559962776410251
2025-09-10 05:41:04 - learner - INFO - Stored knowledge: general_2025-09-10T05:41:04.015409
2025-09-10 05:41:04 - learner - INFO - Stored knowledge: math_-1537540079632608827
2025-09-10 05:41:04 - learner - INFO - Stored knowledge: general_2025-09-10T05:41:04.015667
2025-09-10 05:41:04 - learner - INFO - Stored knowledge: math_-2244447363875850025
2025-09-10 05:41:04 - learner - INFO - Stored knowledge: general_2025-09-10T05:41:04.015984
2025-09-10 05:41:04 - learner - INFO - Stored knowledge: math_-1343578195070239985
2025-09-10 05:41:04 - learner - INFO - Stored knowledge: general_2025-09-10T05:41:04.016231
2025-09-10 05:41:04 - learner - INFO - Stored knowledge: math_4961123539022655834
2025-09-10 05:41:04 - learner - INFO - Stored knowledge: general_2025-09-10T05:41:04.016470
2025-09-10 05:41:04 - learner - INFO - Stored knowledge: math_-2722097642684999111
2025-09-10 05:41:04 - learner - INFO - Stored knowledge: general_2025-09-10T05:41:04.016707
2025-09-10 05:41:04 - learner - INFO - Stored knowledge: math_2829591956716543774
2025-09-10 05:41:04 - learner - INFO - Stored knowledge: general_2025-09-10T05:41:04.016981
2025-09-10 05:41:04 - learner - INFO - Stored knowledge: math_7512278087136458642
2025-09-10 05:41:04 - learner - INFO - Stored knowledge: general_2025-09-10T05:41:04.017224
2025-09-10 05:41:04 - learner - INFO - Stored knowledge: math_-6213889430450125778
2025-09-10 05:41:04 - learner - INFO - Stored knowledge: general_2025-09-10T05:41:04.017460
2025-09-10 05:41:04 - learner - INFO - Stored knowledge: math_3691987006767653069
2025-09-10 05:41:04 - learner - INFO - Stored knowledge: general_2025-09-10T05:41:04.017700
2025-09-10 05:41:04 - learner - INFO - Stored knowledge: math_6233584388465451082
2025-09-10 05:41:04 - learner - INFO - Stored knowledge: general_2025-09-10T05:41:04.017970
2025-09-10 05:41:04 - learner - INFO - Stored knowledge: math_-6126147785637009629
2025-09-10 05:41:04 - learner - INFO - Stored knowledge: general_2025-09-10T05:41:04.018211
2025-09-10 05:41:04 - learner - INFO - Stored knowledge: math_5923640196870910943
2025-09-10 05:41:04 - learner - INFO - Stored knowledge: general_2025-09-10T05:41:04.018451
2025-09-10 05:41:04 - learner - INFO - Stored knowledge: math_-1420499961140241468
2025-09-10 05:41:04 - learner - INFO - Stored knowledge: general_2025-09-10T05:41:04.018686
2025-09-10 05:41:04 - learner - INFO - Stored knowledge: math_1724447258203427954
2025-09-10 05:41:04 - learner - INFO - Stored knowledge: general_2025-09-10T05:41:04.018959
2025-09-10 05:41:04 - learner - INFO - Stored knowledge: math_-1470207057266222750
2025-09-10 05:41:04 - learner - INFO - Stored knowledge: general_2025-09-10T05:41:04.019200
2025-09-10 05:41:04 - learner - INFO - Stored knowledge: math_-3666534138124585680
2025-09-10 05:41:27 - root - INFO - Optimized logging configured: /home/runner/work/machinelearning/machinelearning/logs/optimized_learning.log (max 10MB, 5 backups)
2025-09-10 05:41:27 - learner - INFO - SelfLearningAgent initialized successfully with resource optimization
2025-09-10 05:41:27 - learner - INFO - Stored knowledge: math_2262361479541642000
2025-09-10 05:41:27 - learner - INFO - Stored knowledge: math_-6261038557267011831
2025-09-10 05:41:27 - learner - INFO - Stored knowledge: math_5543684304020031741
2025-09-10 05:41:27 - learner - INFO - Stored knowledge: math_-786975943478814133
2025-09-10 05:41:27 - learner - INFO - Stored knowledge: general_2025-09-10T05:41:27.851306
2025-09-10 05:41:27 - learner - INFO - Stored knowledge: general_2025-09-10T05:41:27.852017
2025-09-10 05:41:27 - learner - INFO - Stored knowledge: general_2025-09-10T05:41:27.852207
2025-09-10 05:41:27 - learner - INFO - SelfLearningAgent initialized successfully with resource optimization
2025-09-10 05:41:27 - learner - INFO - Stored knowledge: general_2025-09-10T05:41:27.852890
2025-09-10 05:41:27 - learner - INFO - Stored knowledge: math_7883414878344807547
2025-09-10 05:41:27 - learner - INFO - Stored knowledge: general_2025-09-10T05:41:27.853163
2025-09-10 05:41:27 - learner - INFO - Stored knowledge: math_-1201755543198245442
2025-09-10 05:41:27 - learner - INFO - Stored knowledge: general_2025-09-10T05:41:27.853408
2025-09-10 05:41:27 - learner - INFO - Stored knowledge: math_2262361479541642000
2025-09-10 05:41:27 - learner - INFO - Stored knowledge: general_2025-09-10T05:41:27.853659
2025-09-10 05:41:27 - learner - INFO - Stored knowledge: math_8991917146886139873
2025-09-10 05:41:27 - learner - INFO - Stored knowledge: general_2025-09-10T05:41:27.854007
2025-09-10 05:41:27 - learner - INFO - Stored knowledge: math_4187066284619504273
2025-09-10 05:41:27 - learner - INFO - Stored knowledge: general_2025-09-10T05:41:27.854251
2025-09-10 05:41:27 - learner - INFO - Stored knowledge: math_-6829869266665924227
2025-09-10 05:41:27 - learner - INFO - Stored knowledge: general_2025-09-10T05:41:27.854490
2025-09-10 05:41:27 - learner - INFO - Stored knowledge: math_9184218784942686308
2025-09-10 05:41:27 - learner - INFO - Stored knowledge: general_2025-09-10T05:41:27.854727
2025-09-10 05:41:27 - learner - INFO - Stored knowledge: math_-3137319850764232129
2025-09-10 05:41:27 - learner - INFO - Stored knowledge: general_2025-09-10T05:41:27.854996
2025-09-10 05:41:27 - learner - INFO - Stored knowledge: math_2054445321148755441
2025-09-10 05:41:27 - learner - INFO - Stored knowledge: general_2025-09-10T05:41:27.855234
2025-09-10 05:41:27 - learner - INFO - Stored knowledge: math_-8784640489613246481
2025-09-10 05:41:27 - learner - INFO - Stored knowledge: general_2025-09-10T05:41:27.855472
2025-09-10 05:41:27 - learner - INFO - Stored knowledge: math_2354924797891743015
2025-09-10 05:41:27 - learner - INFO - Stored knowledge: general_2025-09-10T05:41:27.855710
2025-09-10 05:41:27 - learner - INFO - Stored knowledge: math_1759100730550314556
2025-09-10 05:41:27 - learner - INFO - Stored knowledge: general_2025-09-10T05:41:27.855974
2025-09-10 05:41:27 - learner - INFO - Stored knowledge: math_-8267007583207739206
2025-09-10 05:41:27 - learner - INFO - Stored knowledge: general_2025-09-10T05:41:27.856209
2025-09-10 05:41:27 - learner - INFO - Stored knowledge: math_-592927927214028715
2025-09-10 05:41:27 - learner - INFO - Stored knowledge: general_2025-09-10T05:41:27.856451
2025-09-10 05:41:27 - learner - INFO - Stored knowledge: math_-7244520884936210289
2025-09-10 05:41:27 - learner - INFO - Stored knowledge: general_2025-09-10T05:41:27.856686
2025-09-10 05:41:27 - learner - INFO - Stored knowledge: math_-3270075292757754104
2025-09-10 05:41:27 - learner - INFO - Stored knowledge: general_2025-09-10T05:41:27.856964
2025-09-10 05:41:27 - learner - INFO - Stored knowledge: math_-2211139856831918027
2025-09-10 05:41:27 - learner - INFO - Stored knowledge: general_2025-09-10T05:41:27.857204
2025-09-10 05:41:27 - learner - INFO - Stored knowledge: math_5941100923486222448
2025-09-10 05:41:27 - learner - INFO - Stored knowledge: general_2025-09-10T05:41:27.857439
2025-09-10 05:41:27 - learner - INFO - Stored knowledge: math_-5166163850205448962
2025-09-10 05:41:27 - learner - INFO - Stored knowledge: general_2025-09-10T05:41:27.857678
2025-09-10 05:41:27 - learner - INFO - Stored knowledge: math_8465340462788269589
2025-09-10 05:43:42 - root - INFO - Optimized logging configured: /home/runner/work/machinelearning/machinelearning/logs/optimized_learning.log (max 10MB, 5 backups)
2025-09-10 05:43:42 - learner - INFO - SelfLearningAgent initialized successfully with resource optimization
2025-09-10 05:43:42 - learner - INFO - Stored knowledge: math_7108846333581990943
2025-09-10 05:43:42 - learner - INFO - Stored knowledge: math_-550469999060514147
2025-09-10 05:43:42 - learner - INFO - Stored knowledge: math_-3849069742827629026
2025-09-10 05:43:42 - learner - INFO - Stored knowledge: math_6183655964231458725
2025-09-10 05:43:42 - learner - INFO - Stored knowledge: general_2025-09-10T05:43:42.328676
2025-09-10 05:43:42 - learner - INFO - Stored knowledge: general_2025-09-10T05:43:42.329504
2025-09-10 05:43:42 - learner - INFO - Stored knowledge: general_2025-09-10T05:43:42.329683
2025-09-10 05:43:42 - learner - INFO - SelfLearningAgent initialized successfully with resource optimization
2025-09-10 05:43:42 - learner - INFO - Stored knowledge: general_2025-09-10T05:43:42.330381
2025-09-10 05:43:42 - learner - INFO - Stored knowledge: math_557991923369726147
2025-09-10 05:43:42 - learner - INFO - Stored knowledge: general_2025-09-10T05:43:42.330666
2025-09-10 05:43:42 - learner - INFO - Stored knowledge: math_2804385269971620014
2025-09-10 05:43:42 - learner - INFO - Stored knowledge: general_2025-09-10T05:43:42.330948
2025-09-10 05:43:42 - learner - INFO - Stored knowledge: math_7108846333581990943
2025-09-10 05:43:42 - learner - INFO - Stored knowledge: general_2025-09-10T05:43:42.331199
2025-09-10 05:43:42 - learner - INFO - Stored knowledge: math_9036197936799179009
2025-09-10 05:43:42 - learner - INFO - Stored knowledge: general_2025-09-10T05:43:42.331531
2025-09-10 05:43:42 - learner - INFO - Stored knowledge: math_-293292726081205629
2025-09-10 05:43:42 - learner - INFO - Stored knowledge: general_2025-09-10T05:43:42.331801
2025-09-10 05:43:42 - learner - INFO - Stored knowledge: math_-3124679520644881345
2025-09-10 05:43:42 - learner - INFO - Stored knowledge: general_2025-09-10T05:43:42.332055
2025-09-10 05:43:42 - learner - INFO - Stored knowledge: math_6214762382946244959
2025-09-10 05:43:42 - learner - INFO - Stored knowledge: general_2025-09-10T05:43:42.332301
2025-09-10 05:43:42 - learner - INFO - Stored knowledge: math_-1903759066692252706
2025-09-10 05:43:42 - learner - INFO - Stored knowledge: general_2025-09-10T05:43:42.332545
2025-09-10 05:43:42 - learner - INFO - Stored knowledge: math_-1874209049613990160
2025-09-10 05:43:42 - learner - INFO - Stored knowledge: general_2025-09-10T05:43:42.332808
2025-09-10 05:43:42 - learner - INFO - Stored knowledge: math_7076893226146457963
2025-09-10 05:43:42 - learner - INFO - Stored knowledge: general_2025-09-10T05:43:42.333060
2025-09-10 05:43:42 - learner - INFO - Stored knowledge: math_-3680361357618142393
2025-09-10 05:43:42 - learner - INFO - Stored knowledge: general_2025-09-10T05:43:42.333307
2025-09-10 05:43:42 - learner - INFO - Stored knowledge: math_2357301236539478758
2025-09-10 05:43:42 - learner - INFO - Stored knowledge: general_2025-09-10T05:43:42.333562
2025-09-10 05:43:42 - learner - INFO - Stored knowledge: math_2057440329372808365
2025-09-10 05:43:42 - learner - INFO - Stored knowledge: general_2025-09-10T05:43:42.333829
2025-09-10 05:43:42 - learner - INFO - Stored knowledge: math_-3858176286505325887
2025-09-10 05:43:42 - learner - INFO - Stored knowledge: general_2025-09-10T05:43:42.334093
2025-09-10 05:43:42 - learner - INFO - Stored knowledge: math_7377476503126548881
2025-09-10 05:43:42 - learner - INFO - Stored knowledge: general_2025-09-10T05:43:42.334344
2025-09-10 05:43:42 - learner - INFO - Stored knowledge: math_8537339794957721650
2025-09-10 05:43:42 - learner - INFO - Stored knowledge: general_2025-09-10T05:43:42.334585
2025-09-10 05:43:42 - learner - INFO - Stored knowledge: math_-6406676748193786061
2025-09-10 05:43:42 - learner - INFO - Stored knowledge: general_2025-09-10T05:43:42.334842
2025-09-10 05:43:42 - learner - INFO - Stored knowledge: math_-4070778370416462794
2025-09-10 05:43:42 - learner - INFO - Stored knowledge: general_2025-09-10T05:43:42.335089
2025-09-10 05:43:42 - learner - INFO - Stored knowledge: math_-3849304917071582284
2025-09-10 05:43:42 - learner - INFO - Stored knowledge: general_2025-09-10T05:43:42.335324
2025-09-10 05:43:42 - learner - INFO - Stored knowledge: math_-2013608734143157028
2025-09-10 05:43:42 - learner - INFO - Performance optimization completed: {'timestamp': '2025-09-10T05:43:42.335613', 'actions_taken': [], 'performance_improvement': 0.0}
2025-09-10 05:43:42 - learner - INFO - SelfLearningAgent initialized successfully with resource optimization
2025-09-10 05:43:42 - learner - INFO - Stored knowledge: general_2025-09-10T05:43:42.335942
2025-09-10 05:43:42 - learner - INFO - Stored knowledge: math_-3851899396940184525
2025-09-10 05:43:42 - learner - INFO - Stored knowledge: general_2025-09-10T05:43:42.336241
2025-09-10 05:43:42 - learner - INFO - Stored knowledge: general_2025-09-10T05:43:42.336384
2025-09-10 05:43:42 - learner - INFO - Stored knowledge: general_2025-09-10T05:43:42.336520
2025-09-10 05:43:42 - learner - INFO - Stored knowledge: general_2025-09-10T05:43:42.336654
2025-09-10 05:43:42 - learner - INFO - Stored knowledge: general_2025-09-10T05:43:42.336821
2025-09-10 05:43:42 - learner - INFO - Stored knowledge: general_2025-09-10T05:43:42.336961
2025-09-10 05:43:42 - learner - INFO - Stored knowledge: general_2025-09-10T05:43:42.337092
2025-09-10 05:43:42 - learner - INFO - Stored knowledge: general_2025-09-10T05:43:42.337224
2025-09-10 05:43:42 - learner - INFO - Stored knowledge: general_2025-09-10T05:43:42.337362
2025-09-10 05:43:42 - learner - INFO - Stored knowledge: general_2025-09-10T05:43:42.337494
2025-09-10 05:43:42 - learner - INFO - Stored knowledge: general_2025-09-10T05:43:42.337625
2025-09-10 05:43:42 - learner - INFO - Stored knowledge: general_2025-09-10T05:43:42.337754
2025-09-10 05:43:42 - learner - INFO - Stored knowledge: general_2025-09-10T05:43:42.337909
2025-09-10 05:43:42 - learner - INFO - Stored knowledge: general_2025-09-10T05:43:42.338039
2025-09-10 05:43:42 - learner - INFO - Stored knowledge: general_2025-09-10T05:43:42.338169
2025-09-10 05:43:42 - learner - INFO - Stored knowledge: general_2025-09-10T05:43:42.338298
2025-09-10 05:43:42 - learner - INFO - Stored knowledge: general_2025-09-10T05:43:42.338426
2025-09-10 05:43:42 - learner - INFO - Stored knowledge: general_2025-09-10T05:43:42.338555
2025-09-10 05:43:42 - learner - INFO - Stored knowledge: general_2025-09-10T05:43:42.338689
2025-09-10 05:43:42 - learner - INFO - Stored knowledge: general_2025-09-10T05:43:42.338841
2025-09-10 05:43:42 - learner - INFO - Stored knowledge: math_9117620292220210794
2025-09-10 05:43:42 - learner - INFO - Stored knowledge: general_2025-09-10T05:43:42.339099
2025-09-10 05:43:42 - learner - INFO - Stored knowledge: general_2025-09-10T05:43:42.339229
2025-09-10 05:43:42 - learner - INFO - Stored knowledge: general_2025-09-10T05:43:42.339360
2025-09-10 05:43:42 - learner - INFO - Stored knowledge: general_2025-09-10T05:43:42.339489
2025-09-10 05:43:42 - learner - INFO - Stored knowledge: general_2025-09-10T05:43:42.339618
2025-09-10 05:43:42 - learner - INFO - Stored knowledge: general_2025-09-10T05:43:42.339747
2025-09-10 05:43:42 - learner - INFO - Stored knowledge: general_2025-09-10T05:43:42.339901
2025-09-10 05:43:42 - learner - INFO - Stored knowledge: general_2025-09-10T05:43:42.340041
2025-09-10 05:43:42 - learner - INFO - Stored knowledge: general_2025-09-10T05:43:42.340176
2025-09-10 05:43:42 - learner - INFO - Stored knowledge: general_2025-09-10T05:43:42.340309
2025-09-10 05:43:42 - learner - INFO - Stored knowledge: general_2025-09-10T05:43:42.340442
2025-09-10 05:43:42 - learner - INFO - Stored knowledge: general_2025-09-10T05:43:42.340573
2025-09-10 05:43:42 - learner - INFO - Stored knowledge: general_2025-09-10T05:43:42.340702
2025-09-10 05:43:42 - learner - INFO - Stored knowledge: general_2025-09-10T05:43:42.340854
2025-09-10 05:43:42 - learner - INFO - Stored knowledge: general_2025-09-10T05:43:42.340991
2025-09-10 05:43:42 - learner - INFO - Stored knowledge: general_2025-09-10T05:43:42.341122
2025-09-10 05:43:42 - learner - INFO - Stored knowledge: general_2025-09-10T05:43:42.341250
2025-09-10 05:43:42 - learner - INFO - Stored knowledge: general_2025-09-10T05:43:42.341385
2025-09-10 05:43:42 - learner - INFO - Stored knowledge: general_2025-09-10T05:43:42.341516
2025-09-10 05:43:42 - learner - INFO - Stored knowledge: general_2025-09-10T05:43:42.341652
2025-09-10 05:43:42 - learner - INFO - Stored knowledge: math_-6092812287401533109
2025-09-10 05:43:42 - learner - INFO - Stored knowledge: general_2025-09-10T05:43:42.341927
2025-09-10 05:43:42 - learner - INFO - Stored knowledge: general_2025-09-10T05:43:42.342059
2025-09-10 05:43:42 - learner - INFO - Stored knowledge: general_2025-09-10T05:43:42.342189
2025-09-10 05:43:42 - learner - INFO - Stored knowledge: general_2025-09-10T05:43:42.342318
2025-09-10 05:43:42 - learner - INFO - Stored knowledge: general_2025-09-10T05:43:42.342447
2025-09-10 05:43:42 - learner - INFO - Stored knowledge: general_2025-09-10T05:43:42.342576
2025-09-10 05:43:42 - learner - INFO - Stored knowledge: general_2025-09-10T05:43:42.342704
2025-09-10 05:43:42 - learner - INFO - Stored knowledge: general_2025-09-10T05:43:42.342850
2025-09-10 05:43:42 - learner - INFO - Stored knowledge: general_2025-09-10T05:43:42.342987
2025-09-10 05:43:42 - learner - INFO - Stored knowledge: general_2025-09-10T05:43:42.343122
2025-09-10 05:43:42 - learner - INFO - Stored knowledge: general_2025-09-10T05:43:42.343253
2025-09-10 05:43:42 - learner - INFO - Stored knowledge: general_2025-09-10T05:43:42.343383
2025-09-10 05:43:42 - learner - INFO - Stored knowledge: general_2025-09-10T05:43:42.343513
2025-09-10 05:43:42 - learner - INFO - Stored knowledge: general_2025-09-10T05:43:42.343642
2025-09-10 05:43:42 - learner - INFO - Stored knowledge: general_2025-09-10T05:43:42.343771
2025-09-10 05:43:42 - learner - INFO - Stored knowledge: general_2025-09-10T05:43:42.343925
2025-09-10 05:43:42 - learner - INFO - Stored knowledge: general_2025-09-10T05:43:42.344054
2025-09-10 05:43:42 - learner - INFO - Stored knowledge: general_2025-09-10T05:43:42.344187
2025-09-10 05:43:42 - learner - INFO - Stored knowledge: general_2025-09-10T05:43:42.344318
2025-09-10 05:43:42 - learner - INFO - Stored knowledge: general_2025-09-10T05:43:42.344453
2025-09-10 05:43:42 - learner - INFO - Stored knowledge: math_5522590648252913348
2025-09-10 05:43:42 - learner - INFO - Stored knowledge: general_2025-09-10T05:43:42.344709
2025-09-10 05:43:42 - learner - INFO - Stored knowledge: general_2025-09-10T05:43:42.344859
2025-09-10 05:43:42 - learner - INFO - Stored knowledge: general_2025-09-10T05:43:42.344996
2025-09-10 05:43:42 - learner - INFO - Stored knowledge: general_2025-09-10T05:43:42.345125
2025-09-10 05:43:42 - learner - INFO - Stored knowledge: general_2025-09-10T05:43:42.345257
2025-09-10 05:43:42 - learner - INFO - Stored knowledge: general_2025-09-10T05:43:42.345386
2025-09-10 05:43:42 - learner - INFO - Stored knowledge: general_2025-09-10T05:43:42.345516
2025-09-10 05:43:42 - learner - INFO - Stored knowledge: general_2025-09-10T05:43:42.345645
2025-09-10 05:43:42 - learner - INFO - Stored knowledge: general_2025-09-10T05:43:42.345789
2025-09-10 05:43:42 - learner - INFO - Stored knowledge: general_2025-09-10T05:43:42.345940
2025-09-10 05:43:42 - learner - INFO - Stored knowledge: general_2025-09-10T05:43:42.346073
2025-09-10 05:43:42 - learner - INFO - Stored knowledge: general_2025-09-10T05:43:42.346203
2025-09-10 05:43:42 - learner - INFO - Stored knowledge: general_2025-09-10T05:43:42.346333
2025-09-10 05:43:42 - learner - INFO - Stored knowledge: general_2025-09-10T05:43:42.346462
2025-09-10 05:43:42 - learner - INFO - Stored knowledge: general_2025-09-10T05:43:42.346592
2025-09-10 05:43:42 - learner - INFO - Stored knowledge: general_2025-09-10T05:43:42.346720
2025-09-10 05:43:42 - learner - INFO - Stored knowledge: general_2025-09-10T05:43:42.346876
2025-09-10 05:43:42 - learner - INFO - Stored knowledge: general_2025-09-10T05:43:42.347013
2025-09-10 05:43:42 - learner - INFO - Stored knowledge: general_2025-09-10T05:43:42.347143
2025-09-10 05:43:42 - learner - INFO - Stored knowledge: general_2025-09-10T05:43:42.347272
2025-09-10 05:43:42 - learner - INFO - Stored knowledge: math_5599057109684521949
2025-09-10 05:43:42 - learner - INFO - Stored knowledge: general_2025-09-10T05:43:42.347526
2025-09-10 05:43:42 - learner - INFO - Stored knowledge: general_2025-09-10T05:43:42.347662
2025-09-10 05:43:42 - learner - INFO - Stored knowledge: general_2025-09-10T05:43:42.347816
2025-09-10 05:43:42 - learner - INFO - Stored knowledge: general_2025-09-10T05:43:42.347955
2025-09-10 05:43:42 - learner - INFO - Stored knowledge: general_2025-09-10T05:43:42.348084
2025-09-10 05:43:42 - learner - INFO - Stored knowledge: general_2025-09-10T05:43:42.348212
2025-09-10 05:43:42 - learner - INFO - Stored knowledge: general_2025-09-10T05:43:42.348341
2025-09-10 05:43:42 - learner - INFO - Stored knowledge: general_2025-09-10T05:43:42.348474
2025-09-10 05:43:42 - learner - INFO - Stored knowledge: general_2025-09-10T05:43:42.348602
2025-09-10 05:43:42 - learner - INFO - Stored knowledge: general_2025-09-10T05:43:42.348730
2025-09-10 05:43:42 - learner - INFO - Stored knowledge: general_2025-09-10T05:43:42.348888
2025-09-10 05:43:42 - learner - INFO - Stored knowledge: general_2025-09-10T05:43:42.349024
2025-09-10 05:43:42 - learner - INFO - Stored knowledge: general_2025-09-10T05:43:42.349153
2025-09-10 05:43:42 - learner - INFO - Stored knowledge: general_2025-09-10T05:43:42.349309
2025-09-10 05:43:42 - learner - INFO - Stored knowledge: general_2025-09-10T05:43:42.349439
2025-09-10 05:43:42 - learner - INFO - Stored knowledge: general_2025-09-10T05:43:42.349569
2025-09-10 05:43:42 - learner - INFO - Stored knowledge: general_2025-09-10T05:43:42.349698
2025-09-10 05:43:42 - learner - INFO - Stored knowledge: general_2025-09-10T05:43:42.349845
2025-09-10 05:43:42 - learner - INFO - Stored knowledge: general_2025-09-10T05:43:42.349982
2025-09-10 05:43:42 - learner - INFO - SelfLearningAgent initialized successfully with resource optimization
2025-09-10 05:43:42 - learner - INFO - Stored knowledge: general_2025-09-10T05:43:42.350305
2025-09-10 05:43:42 - learner - INFO - Stored knowledge: low_conf_0
2025-09-10 05:43:42 - learner - INFO - Stored knowledge: general_2025-09-10T05:43:42.350470
2025-09-10 05:43:42 - learner - INFO - Stored knowledge: low_conf_1
2025-09-10 05:43:42 - learner - INFO - Stored knowledge: general_2025-09-10T05:43:42.350627
2025-09-10 05:43:42 - learner - INFO - Stored knowledge: low_conf_2
2025-09-10 05:43:42 - learner - INFO - Stored knowledge: general_2025-09-10T05:43:42.350800
2025-09-10 05:43:42 - learner - INFO - Stored knowledge: low_conf_3
2025-09-10 05:43:42 - learner - INFO - Stored knowledge: general_2025-09-10T05:43:42.350973
2025-09-10 05:43:42 - learner - INFO - Stored knowledge: low_conf_4
2025-09-10 05:43:42 - learner - INFO - Stored knowledge: general_2025-09-10T05:43:42.351128
2025-09-10 05:43:42 - learner - INFO - Stored knowledge: low_conf_5
2025-09-10 05:43:42 - learner - INFO - Stored knowledge: general_2025-09-10T05:43:42.351283
2025-09-10 05:43:42 - learner - INFO - Stored knowledge: low_conf_6
2025-09-10 05:43:42 - learner - INFO - Stored knowledge: general_2025-09-10T05:43:42.351446
2025-09-10 05:43:42 - learner - INFO - Stored knowledge: low_conf_7
2025-09-10 05:43:42 - learner - INFO - Stored knowledge: general_2025-09-10T05:43:42.351609
2025-09-10 05:43:42 - learner - INFO - Stored knowledge: low_conf_8
2025-09-10 05:43:42 - learner - INFO - Stored knowledge: general_2025-09-10T05:43:42.351762
2025-09-10 05:43:42 - learner - INFO - Stored knowledge: low_conf_9
2025-09-10 05:43:42 - learner - INFO - Stored knowledge: general_2025-09-10T05:43:42.351940
2025-09-10 05:43:42 - learner - INFO - Stored knowledge: low_conf_10
2025-09-10 05:43:42 - learner - INFO - Stored knowledge: general_2025-09-10T05:43:42.352094
2025-09-10 05:43:42 - learner - INFO - Stored knowledge: low_conf_11
2025-09-10 05:43:42 - learner - INFO - Stored knowledge: general_2025-09-10T05:43:42.352250
2025-09-10 05:43:42 - learner - INFO - Stored knowledge: low_conf_12
2025-09-10 05:43:42 - learner - INFO - Stored knowledge: general_2025-09-10T05:43:42.352405
2025-09-10 05:43:42 - learner - INFO - Stored knowledge: low_conf_13
2025-09-10 05:43:42 - learner - INFO - Stored knowledge: general_2025-09-10T05:43:42.352557
2025-09-10 05:43:42 - learner - INFO - Stored knowledge: low_conf_14
2025-09-10 05:43:42 - learner - INFO - Stored knowledge: general_2025-09-10T05:43:42.352709
2025-09-10 05:43:42 - learner - INFO - Stored knowledge: low_conf_15
2025-09-10 05:43:42 - learner - INFO - Stored knowledge: general_2025-09-10T05:43:42.352891
2025-09-10 05:43:42 - learner - INFO - Stored knowledge: low_conf_16
2025-09-10 05:43:42 - learner - INFO - Stored knowledge: general_2025-09-10T05:43:42.353047
2025-09-10 05:43:42 - learner - INFO - Stored knowledge: low_conf_17
2025-09-10 05:43:42 - learner - INFO - Stored knowledge: general_2025-09-10T05:43:42.353203
2025-09-10 05:43:42 - learner - INFO - Stored knowledge: low_conf_18
2025-09-10 05:43:42 - learner - INFO - Stored knowledge: general_2025-09-10T05:43:42.353356
2025-09-10 05:43:42 - learner - INFO - Stored knowledge: low_conf_19
2025-09-10 05:43:42 - learner - INFO - Stored knowledge: general_2025-09-10T05:43:42.353514
2025-09-10 05:43:42 - learner - INFO - Stored knowledge: low_conf_20
2025-09-10 05:43:42 - learner - INFO - Stored knowledge: general_2025-09-10T05:43:42.353673
2025-09-10 05:43:42 - learner - INFO - Stored knowledge: low_conf_21
2025-09-10 05:43:42 - learner - INFO - Stored knowledge: general_2025-09-10T05:43:42.353848
2025-09-10 05:43:42 - learner - INFO - Stored knowledge: low_conf_22
2025-09-10 05:43:42 - learner - INFO - Stored knowledge: general_2025-09-10T05:43:42.354011
2025-09-10 05:43:42 - learner - INFO - Stored knowledge: low_conf_23
2025-09-10 05:43:42 - learner - INFO - Stored knowledge: general_2025-09-10T05:43:42.354165
2025-09-10 05:43:42 - learner - INFO - Stored knowledge: low_conf_24
2025-09-10 05:43:42 - learner - INFO - Stored knowledge: general_2025-09-10T05:43:42.354318
2025-09-10 05:43:42 - learner - INFO - Stored knowledge: low_conf_25
2025-09-10 05:43:42 - learner - INFO - Stored knowledge: general_2025-09-10T05:43:42.354471
2025-09-10 05:43:42 - learner - INFO - Stored knowledge: low_conf_26
2025-09-10 05:43:42 - learner - INFO - Stored knowledge: general_2025-09-10T05:43:42.354624
2025-09-10 05:43:42 - learner - INFO - Stored knowledge: low_conf_27
2025-09-10 05:43:42 - learner - INFO - Stored knowledge: general_2025-09-10T05:43:42.354799
2025-09-10 05:43:42 - learner - INFO - Stored knowledge: low_conf_28
2025-09-10 05:43:42 - learner - INFO - Stored knowledge: general_2025-09-10T05:43:42.354983
2025-09-10 05:43:42 - learner - INFO - Stored knowledge: low_conf_29
2025-09-10 05:43:42 - learner - INFO - Stored knowledge: general_2025-09-10T05:43:42.355139
2025-09-10 05:43:42 - learner - INFO - Stored knowledge: low_conf_30
2025-09-10 05:43:42 - learner - INFO - Stored knowledge: general_2025-09-10T05:43:42.355292
2025-09-10 05:43:42 - learner - INFO - Stored knowledge: low_conf_31
2025-09-10 05:43:42 - learner - INFO - Stored knowledge: general_2025-09-10T05:43:42.355444
2025-09-10 05:43:42 - learner - INFO - Stored knowledge: low_conf_32
2025-09-10 05:43:42 - learner - INFO - Stored knowledge: general_2025-09-10T05:43:42.355606
2025-09-10 05:43:42 - learner - INFO - Stored knowledge: low_conf_33
2025-09-10 05:43:42 - learner - INFO - Stored knowledge: general_2025-09-10T05:43:42.355758
2025-09-10 05:43:42 - learner - INFO - Stored knowledge: low_conf_34
2025-09-10 05:43:42 - learner - INFO - Stored knowledge: general_2025-09-10T05:43:42.355937
2025-09-10 05:43:42 - learner - INFO - Stored knowledge: low_conf_35
2025-09-10 05:43:42 - learner - INFO - Stored knowledge: general_2025-09-10T05:43:42.356095
2025-09-10 05:43:42 - learner - INFO - Stored knowledge: low_conf_36
2025-09-10 05:43:42 - learner - INFO - Stored knowledge: general_2025-09-10T05:43:42.356248
2025-09-10 05:43:42 - learner - INFO - Stored knowledge: low_conf_37
2025-09-10 05:43:42 - learner - INFO - Stored knowledge: general_2025-09-10T05:43:42.356402
2025-09-10 05:43:42 - learner - INFO - Stored knowledge: low_conf_38
2025-09-10 05:43:42 - learner - INFO - Stored knowledge: general_2025-09-10T05:43:42.356559
2025-09-10 05:43:42 - learner - INFO - Stored knowledge: low_conf_39
2025-09-10 05:43:42 - learner - INFO - Stored knowledge: general_2025-09-10T05:43:42.356714
2025-09-10 05:43:42 - learner - INFO - Stored knowledge: low_conf_40
2025-09-10 05:43:42 - learner - INFO - Stored knowledge: general_2025-09-10T05:43:42.356892
2025-09-10 05:43:42 - learner - INFO - Stored knowledge: low_conf_41
2025-09-10 05:43:42 - learner - INFO - Stored knowledge: general_2025-09-10T05:43:42.357052
2025-09-10 05:43:42 - learner - INFO - Stored knowledge: low_conf_42
2025-09-10 05:43:42 - learner - INFO - Stored knowledge: general_2025-09-10T05:43:42.357211
2025-09-10 05:43:42 - learner - INFO - Stored knowledge: low_conf_43
2025-09-10 05:43:42 - learner - INFO - Stored knowledge: general_2025-09-10T05:43:42.357368
2025-09-10 05:43:42 - learner - INFO - Stored knowledge: low_conf_44
2025-09-10 05:43:42 - learner - INFO - Stored knowledge: general_2025-09-10T05:43:42.357521
2025-09-10 05:43:42 - learner - INFO - Stored knowledge: low_conf_45
2025-09-10 05:43:42 - learner - INFO - Stored knowledge: general_2025-09-10T05:43:42.357675
2025-09-10 05:43:42 - learner - INFO - Stored knowledge: low_conf_46
2025-09-10 05:43:42 - learner - INFO - Stored knowledge: general_2025-09-10T05:43:42.357846
2025-09-10 05:43:42 - learner - INFO - Stored knowledge: low_conf_47
2025-09-10 05:43:42 - learner - INFO - Stored knowledge: general_2025-09-10T05:43:42.358008
2025-09-10 05:43:42 - learner - INFO - Stored knowledge: low_conf_48
2025-09-10 05:43:42 - learner - INFO - Stored knowledge: general_2025-09-10T05:43:42.358160
2025-09-10 05:43:42 - learner - INFO - Stored knowledge: low_conf_49
2025-09-10 05:43:42 - performance_monitor - INFO - Removed 49 duplicate entries
2025-09-10 05:43:42 - root - INFO - Optimized logging configured: /home/runner/work/machinelearning/machinelearning/logs/optimized_learning.log (max 1MB, 3 backups)
